******************************************************************************
                  MSP430 Linker PC v21.6.1                     
******************************************************************************
>> Linked Tue May 20 14:04:15 2025

OUTPUT FILE NAME:   <test1.out>
ENTRY POINT SYMBOL: "_c_int00_noargs"  address: 0000d7f4


MEMORY CONFIGURATION

         name            origin    length      used     unused   attr    fill
----------------------  --------  ---------  --------  --------  ----  --------
  SFR                   00000000   00000010  00000000  00000010  RWIX
  PERIPHERALS_8BIT      00000010   000000f0  00000000  000000f0  RWIX
  PERIPHERALS_16BIT     00000100   00000100  00000000  00000100  RWIX
  RAM                   00000200   00000200  0000005a  000001a6  RWIX
  INFOD                 00001000   00000040  00000000  00000040  RWIX
  INFOC                 00001040   00000040  00000000  00000040  RWIX
  INFOB                 00001080   00000040  00000000  00000040  RWIX
  INFOA                 000010c0   00000040  00000000  00000040  RWIX
  FLASH                 0000c000   00003fde  000019c9  00002615  RWIX
  BSLSIGNATURE          0000ffde   00000002  00000002  00000000  RWIX  ffff 
  INT00                 0000ffe0   00000002  00000002  00000000  RWIX
  INT01                 0000ffe2   00000002  00000000  00000002  RWIX
  INT02                 0000ffe4   00000002  00000002  00000000  RWIX
  INT03                 0000ffe6   00000002  00000002  00000000  RWIX
  INT04                 0000ffe8   00000002  00000000  00000002  RWIX
  INT05                 0000ffea   00000002  00000002  00000000  RWIX
  INT06                 0000ffec   00000002  00000002  00000000  RWIX
  INT07                 0000ffee   00000002  00000002  00000000  RWIX
  INT08                 0000fff0   00000002  00000002  00000000  RWIX
  INT09                 0000fff2   00000002  00000002  00000000  RWIX
  INT10                 0000fff4   00000002  00000002  00000000  RWIX
  INT11                 0000fff6   00000002  00000002  00000000  RWIX
  INT12                 0000fff8   00000002  00000002  00000000  RWIX
  INT13                 0000fffa   00000002  00000002  00000000  RWIX
  INT14                 0000fffc   00000002  00000002  00000000  RWIX
  RESET                 0000fffe   00000002  00000002  00000000  RWIX


SECTION ALLOCATION MAP

 output                                  attributes/
section   page    origin      length       input sections
--------  ----  ----------  ----------   ----------------
.bss       0    00000200    00000008     UNINITIALIZED
                  00000200    00000002     (.common:REdge1)
                  00000202    00000002     (.common:REdge2)
                  00000204    00000002     (.common:lpm_mode)
                  00000206    00000002     (.common:state)

.data      0    00000208    00000002     UNINITIALIZED
                  00000208    00000002     halGPIO.obj (.data)

.stack     0    000003b0    00000050     UNINITIALIZED
                  000003b0    00000002     rts430_eabi.lib : boot.c.obj (.stack)
                  000003b2    0000004e     --HOLE--

.text      0    0000c000    0000198a     
                  0000c000    00000736     rts430_eabi.lib : addd.c.obj (.text:__mspabi_addd)
                  0000c736    000002c0                     : mpyd.c.obj (.text:__mspabi_mpyd)
                  0000c9f6    00000172                     : frcmpyd.c.obj (.text:__TI_frcmpyd)
                  0000cb68    00000114                     : mult64.asm.obj (.text:__mpyll)
                  0000cc7c    000000c2     halGPIO.obj (.text:lcd_init)
                  0000cd3e    000000c0     api.obj (.text:count_timer_2)
                  0000cdfe    000000a0     api.obj (.text:tone_generator)
                  0000ce9e    0000008e     api.obj (.text:print_num)
                  0000cf2c    0000008c     halGPIO.obj (.text:PBs_handler)
                  0000cfb8    0000008a     rts430_eabi.lib : fltuld.c.obj (.text:__mspabi_fltuld)
                  0000d042    0000008a     api.obj (.text:freq_measure)
                  0000d0cc    0000007c     rts430_eabi.lib : copy_decompress_lzss.c.obj (.text:decompress:lzss:__TI_decompress_lzss)
                  0000d148    00000074                     : fixdul.c.obj (.text:__mspabi_fixdul)
                  0000d1bc    0000006e     halGPIO.obj (.text:write_freq_tmp_LCD)
                  0000d22a    00000066     bsp.obj (.text:GPIOconfig)
                  0000d290    0000005c     halGPIO.obj (.text:PBs_handler_P2)
                  0000d2ec    0000005c     rts430_eabi.lib : lsr32.asm.obj (.text:l_lsr_const)
                  0000d348    00000058                     : div32u.asm.obj (.text)
                  0000d3a0    00000056     main.obj (.text:main)
                  0000d3f6    00000050     halGPIO.obj (.text:lcd_data)
                  0000d446    0000004c     rts430_eabi.lib : lsr16.asm.obj (.text)
                  0000d492    0000004a                     : asr64.c.obj (.text:__mspabi_srall)
                  0000d4dc    00000046     halGPIO.obj (.text:TIMER1_A1_ISR)
                  0000d522    00000046     rts430_eabi.lib : lsr64.c.obj (.text:__mspabi_srlll)
                  0000d568    00000044                     : lsl64.c.obj (.text:__mspabi_sllll)
                  0000d5ac    00000042                     : autoinit.c.obj (.text:__TI_auto_init_nobinit_nopinit:__TI_auto_init_nobinit_nopinit)
                  0000d5ee    00000040                     : div32s.asm.obj (.text)
                  0000d62e    0000003e                     : lsl32.asm.obj (.text:l_lsl_const)
                  0000d66c    00000038     halGPIO.obj (.text:lcd_cmd)
                  0000d6a4    00000034     halGPIO.obj (.text:enterLPM)
                  0000d6d8    00000032     halGPIO.obj (.text:test_lcd_drivers)
                  0000d70a    0000002c     rts430_eabi.lib : asr16.asm.obj (.text)
                  0000d736    0000002c                     : div16s.asm.obj (.text)
                  0000d762    0000002c                     : lsl16.asm.obj (.text)
                  0000d78e    00000026                     : mult32.asm.obj (.text)
                  0000d7b4    00000022                     : mult1632.asm.obj (.text:__mpyul)
                  0000d7d6    0000001e                     : mult3264.asm.obj (.text:__mpyull)
                  0000d7f4    0000001c                     : boot.c.obj (.text:_c_int00_noargs)
                  0000d810    0000001a     halGPIO.obj (.text:delay)
                  0000d82a    00000018     bsp.obj (.text:TIMER0_A0_config)
                  0000d842    00000016     rts430_eabi.lib : div16u.asm.obj (.text)
                  0000d858    00000016     halGPIO.obj (.text:sysConfig)
                  0000d86e    00000014     halGPIO.obj (.text:DelayMs)
                  0000d882    00000014     rts430_eabi.lib : copy_zero_init.c.obj (.text:decompress:ZI:__TI_zero_init_nomemset:__TI_zero_init_nomemset)
                  0000d896    00000012     bsp.obj (.text:ADCconfig)
                  0000d8a8    00000012     rts430_eabi.lib : fixdu.c.obj (.text:__mspabi_fixdu)
                  0000d8ba    00000012                     : copy_decompress_none.c.obj (.text:decompress:none:__TI_decompress_none)
                  0000d8cc    00000012                     : lsr32.asm.obj (.text:l_lsr)
                  0000d8de    00000012     halGPIO.obj (.text:lcd_puts)
                  0000d8f0    00000012     rts430_eabi.lib : memcpy.c.obj (.text:memcpy)
                  0000d902    00000010                     : epilog.asm.obj (.text)
                  0000d912    00000010     halGPIO.obj (.text:startTimerA0)
                  0000d922    0000000e     halGPIO.obj (.text:lcd_strobe)
                  0000d930    0000000c     halGPIO.obj (.text:DelayUs)
                  0000d93c    0000000c     halGPIO.obj (.text:Timer_A)
                  0000d948    00000008     halGPIO.obj (.text:ADC10_ISR)
                  0000d950    00000008     bsp.obj (.text:TIMER1_A1_config)
                  0000d958    00000008     bsp.obj (.text:TIMER1_A2_config)
                  0000d960    00000008     rts430_eabi.lib : isr_trap.asm.obj (.text:_isr:__TI_ISR_TRAP)
                  0000d968    00000008     halGPIO.obj (.text:is_sw_up)
                  0000d970    00000006     rts430_eabi.lib : fltud.c.obj (.text:__mspabi_fltud)
                  0000d976    00000006                     : exit.c.obj (.text:abort)
                  0000d97c    00000004                     : pre_init.c.obj (.text:_system_pre_init)
                  0000d980    00000004     halGPIO.obj (.text:disable_interrupts)
                  0000d984    00000004     halGPIO.obj (.text:enable_interrupts)
                  0000d988    00000002     rts430_eabi.lib : startup.c.obj (.text:_system_post_cinit)

.const     0    0000d98a    00000027     
                  0000d98a    00000010     api.obj (.const:.string)
                  0000d99a    0000000d     halGPIO.obj (.const:.string:$P$T2$3)
                  0000d9a7    00000001     --HOLE-- [fill = 0]
                  0000d9a8    00000005     halGPIO.obj (.const:.string:$P$T0$1)
                  0000d9ad    00000001     --HOLE-- [fill = 0]
                  0000d9ae    00000003     halGPIO.obj (.const:.string:$P$T1$2)

.cinit     0    0000d9b2    00000018     
                  0000d9b2    00000006     (.cinit..data.load) [load image]
                  0000d9b8    00000006     (__TI_handler_table)
                  0000d9be    00000004     (.cinit..bss.load) [load image, compression = zero_init]
                  0000d9c2    00000008     (__TI_cinit_table)

.binit     0    0000c000    00000000     

.init_array 
*          0    0000c000    00000000     UNINITIALIZED

TRAPINT    0    0000ffe0    00000002     
                  0000ffe0    00000002     rts430_eabi.lib : int00.asm.obj (.int00)

PORT1      0    0000ffe4    00000002     
                  0000ffe4    00000002     halGPIO.obj (.int02)

PORT2      0    0000ffe6    00000002     
                  0000ffe6    00000002     halGPIO.obj (.int03)

ADC10      0    0000ffea    00000002     
                  0000ffea    00000002     halGPIO.obj (.int05)

USCIAB0TX 
*          0    0000ffec    00000002     
                  0000ffec    00000002     rts430_eabi.lib : int06.asm.obj (.int06)

USCIAB0RX 
*          0    0000ffee    00000002     
                  0000ffee    00000002     rts430_eabi.lib : int07.asm.obj (.int07)

TIMER0_A1 
*          0    0000fff0    00000002     
                  0000fff0    00000002     rts430_eabi.lib : int08.asm.obj (.int08)

TIMER0_A0 
*          0    0000fff2    00000002     
                  0000fff2    00000002     halGPIO.obj (.int09)

WDT        0    0000fff4    00000002     
                  0000fff4    00000002     rts430_eabi.lib : int10.asm.obj (.int10)

COMPARATORA 
*          0    0000fff6    00000002     
                  0000fff6    00000002     rts430_eabi.lib : int11.asm.obj (.int11)

TIMER1_A1 
*          0    0000fff8    00000002     
                  0000fff8    00000002     halGPIO.obj (.int12)

TIMER1_A0 
*          0    0000fffa    00000002     
                  0000fffa    00000002     rts430_eabi.lib : int13.asm.obj (.int13)

NMI        0    0000fffc    00000002     
                  0000fffc    00000002     rts430_eabi.lib : int14.asm.obj (.int14)

.reset     0    0000fffe    00000002     
                  0000fffe    00000002     rts430_eabi.lib : boot.c.obj (.reset)

$fill000   0    0000ffde    00000002     
                  0000ffde    00000002     --HOLE-- [fill = ffff]

MODULE SUMMARY

       Module                       code   ro data   rw data
       ------                       ----   -------   -------
    .\source\
       halGPIO.obj                  1008   31        2      
       api.obj                      632    16        4      
       bsp.obj                      160    0         0      
       main.obj                     86     0         4      
    +--+----------------------------+------+---------+---------+
       Total:                       1886   47        10     
                                                            
    C:\ti\ccs2011\ccs\tools\compiler\ti-cgt-msp430_21.6.1.LTS\lib\rts430_eabi.lib
       addd.c.obj                   1846   0         0      
       mpyd.c.obj                   704    0         0      
       frcmpyd.c.obj                370    0         0      
       mult64.asm.obj               276    0         0      
       fltuld.c.obj                 138    0         0      
       copy_decompress_lzss.c.obj   124    0         0      
       fixdul.c.obj                 116    0         0      
       lsr32.asm.obj                110    0         0      
       div32u.asm.obj               88     0         0      
       lsr16.asm.obj                76     0         0      
       asr64.c.obj                  74     0         0      
       lsr64.c.obj                  70     0         0      
       lsl64.c.obj                  68     0         0      
       autoinit.c.obj               66     0         0      
       div32s.asm.obj               64     0         0      
       lsl32.asm.obj                62     0         0      
       asr16.asm.obj                44     0         0      
       div16s.asm.obj               44     0         0      
       lsl16.asm.obj                44     0         0      
       mult32.asm.obj               38     0         0      
       mult1632.asm.obj             34     0         0      
       boot.c.obj                   28     2         0      
       mult3264.asm.obj             30     0         0      
       div16u.asm.obj               22     0         0      
       copy_zero_init.c.obj         20     0         0      
       copy_decompress_none.c.obj   18     0         0      
       fixdu.c.obj                  18     0         0      
       memcpy.c.obj                 18     0         0      
       epilog.asm.obj               16     0         0      
       isr_trap.asm.obj             8      0         0      
       exit.c.obj                   6      0         0      
       fltud.c.obj                  6      0         0      
       pre_init.c.obj               4      0         0      
       int00.asm.obj                0      2         0      
       int06.asm.obj                0      2         0      
       int07.asm.obj                0      2         0      
       int08.asm.obj                0      2         0      
       int10.asm.obj                0      2         0      
       int11.asm.obj                0      2         0      
       int13.asm.obj                0      2         0      
       int14.asm.obj                0      2         0      
       startup.c.obj                2      0         0      
    +--+----------------------------+------+---------+---------+
       Total:                       4652   18        0      
                                                            
       Stack:                       0      0         80     
       Linker Generated:            0      24        0      
    +--+----------------------------+------+---------+---------+
       Grand Total:                 6538   89        90     


LINKER GENERATED COPY TABLES

__TI_cinit_table @ 0000d9c2 records: 2, size/record: 4, table size: 8
	.data: load addr=0000d9b2, load size=00000006 bytes, run addr=00000208, run size=00000002 bytes, compression=copy
	.bss: load addr=0000d9be, load size=00000004 bytes, run addr=00000200, run size=00000008 bytes, compression=zero_init


LINKER GENERATED HANDLER TABLE

__TI_handler_table @ 0000d9b8 records: 3, size/record: 2, table size: 6
	index: 0, handler: __TI_zero_init
	index: 1, handler: __TI_decompress_lzss
	index: 2, handler: __TI_decompress_none


GLOBAL SYMBOLS: SORTED ALPHABETICALLY BY Name 

address   name                          
-------   ----                          
0000004a  ADC10AE0                      
000001b0  ADC10CTL0                     
000001b2  ADC10CTL1                     
00000048  ADC10DTC0                     
00000049  ADC10DTC1                     
000001b4  ADC10MEM                      
000001bc  ADC10SA                       
0000d948  ADC10_ISR                     
0000d896  ADCconfig                     
00000057  BCSCTL1                       
00000058  BCSCTL2                       
00000053  BCSCTL3                       
0000d976  C$$EXIT                       
00000059  CACTL1                        
0000005a  CACTL2                        
000010fb  CALBC1_12MHZ                  
000010f9  CALBC1_16MHZ                  
000010ff  CALBC1_1MHZ                   
000010fd  CALBC1_8MHZ                   
000010fa  CALDCO_12MHZ                  
000010f8  CALDCO_16MHZ                  
000010fe  CALDCO_1MHZ                   
000010fc  CALDCO_8MHZ                   
0000005b  CAPD                          
00000208  Count                         
00000056  DCOCTL                        
0000d86e  DelayMs                       
0000d930  DelayUs                       
00000128  FCTL1                         
0000012a  FCTL2                         
0000012c  FCTL3                         
0000d22a  GPIOconfig                    
00000000  IE1                           
00000001  IE2                           
00000002  IFG1                          
00000003  IFG2                          
00000022  P1DIR                         
00000025  P1IE                          
00000024  P1IES                         
00000023  P1IFG                         
00000020  P1IN                          
00000021  P1OUT                         
00000027  P1REN                         
00000026  P1SEL                         
00000041  P1SEL2                        
0000002a  P2DIR                         
0000002d  P2IE                          
0000002c  P2IES                         
0000002b  P2IFG                         
00000028  P2IN                          
00000029  P2OUT                         
0000002f  P2REN                         
0000002e  P2SEL                         
00000042  P2SEL2                        
0000001a  P3DIR                         
00000018  P3IN                          
00000019  P3OUT                         
00000010  P3REN                         
0000001b  P3SEL                         
00000043  P3SEL2                        
0000cf2c  PBs_handler                   
0000d290  PBs_handler_P2                
00000200  REdge1                        
00000202  REdge2                        
00000172  TA0CCR0                       
00000174  TA0CCR1                       
00000176  TA0CCR2                       
00000162  TA0CCTL0                      
00000164  TA0CCTL1                      
00000166  TA0CCTL2                      
00000160  TA0CTL                        
0000012e  TA0IV                         
00000170  TA0R                          
00000192  TA1CCR0                       
00000194  TA1CCR1                       
00000196  TA1CCR2                       
00000182  TA1CCTL0                      
00000184  TA1CCTL1                      
00000186  TA1CCTL2                      
00000180  TA1CTL                        
0000011e  TA1IV                         
00000190  TA1R                          
0000d82a  TIMER0_A0_config              
0000d4dc  TIMER1_A1_ISR                 
0000d950  TIMER1_A1_config              
0000d958  TIMER1_A2_config              
000010db  TLV_ADC10_1_LEN               
000010da  TLV_ADC10_1_TAG               
000010c0  TLV_CHECKSUM                  
000010f7  TLV_DCO_30_LEN                
000010f6  TLV_DCO_30_TAG                
0000d93c  Timer_A                       
0000005d  UCA0ABCTL                     
00000062  UCA0BR0                       
00000063  UCA0BR1                       
00000060  UCA0CTL0                      
00000061  UCA0CTL1                      
0000005f  UCA0IRRCTL                    
0000005e  UCA0IRTCTL                    
00000064  UCA0MCTL                      
00000066  UCA0RXBUF                     
00000065  UCA0STAT                      
00000067  UCA0TXBUF                     
0000006a  UCB0BR0                       
0000006b  UCB0BR1                       
00000068  UCB0CTL0                      
00000069  UCB0CTL1                      
0000006c  UCB0I2CIE                     
00000118  UCB0I2COA                     
0000011a  UCB0I2CSA                     
0000006e  UCB0RXBUF                     
0000006d  UCB0STAT                      
0000006f  UCB0TXBUF                     
00000120  WDTCTL                        
00000400  __STACK_END                   
00000050  __STACK_SIZE                  
0000d9c2  __TI_CINIT_Base               
0000d9ca  __TI_CINIT_Limit              
0000d9ca  __TI_CINIT_Warm               
0000d9b8  __TI_Handler_Table_Base       
0000d9be  __TI_Handler_Table_Limit      
0000d960  __TI_ISR_TRAP                 
0000d5ac  __TI_auto_init_nobinit_nopinit
0000d0cc  __TI_decompress_lzss          
0000d8ba  __TI_decompress_none          
0000c9f6  __TI_frcmpyd                  
0000ffe0  __TI_int00                    
0000ffe4  __TI_int02                    
0000ffe6  __TI_int03                    
0000ffea  __TI_int05                    
0000ffec  __TI_int06                    
0000ffee  __TI_int07                    
0000fff0  __TI_int08                    
0000fff2  __TI_int09                    
0000fff4  __TI_int10                    
0000fff6  __TI_int11                    
0000fff8  __TI_int12                    
0000fffa  __TI_int13                    
0000fffc  __TI_int14                    
ffffffff  __TI_pprof_out_hndl           
ffffffff  __TI_prof_data_size           
ffffffff  __TI_prof_data_start          
0000d882  __TI_zero_init_nomemset       
ffffffff  __c_args__                    
0000c000  __mspabi_addd                 
0000d736  __mspabi_divi                 
0000d5ee  __mspabi_divli                
0000d842  __mspabi_divu                 
0000d348  __mspabi_divul                
0000d8a8  __mspabi_fixdu                
0000d148  __mspabi_fixdul               
0000d970  __mspabi_fltud                
0000cfb8  __mspabi_fltuld               
0000d90e  __mspabi_func_epilog_1        
0000d90c  __mspabi_func_epilog_2        
0000d90a  __mspabi_func_epilog_3        
0000d908  __mspabi_func_epilog_4        
0000d906  __mspabi_func_epilog_5        
0000d904  __mspabi_func_epilog_6        
0000d902  __mspabi_func_epilog_7        
0000c736  __mspabi_mpyd                 
0000d78e  __mspabi_mpyl                 
0000d78e  __mspabi_mpyl_sw              
0000cb68  __mspabi_mpyll                
0000cb68  __mspabi_mpyll_sw             
0000d7b4  __mspabi_mpyul                
0000d7b4  __mspabi_mpyul_sw             
0000d7d6  __mspabi_mpyull               
0000d7d6  __mspabi_mpyull_sw            
0000d736  __mspabi_remi                 
0000d5ee  __mspabi_remli                
0000d842  __mspabi_remu                 
0000d348  __mspabi_remul                
0000d762  __mspabi_slli                 
0000d78a  __mspabi_slli_1               
0000d778  __mspabi_slli_10              
0000d776  __mspabi_slli_11              
0000d774  __mspabi_slli_12              
0000d772  __mspabi_slli_13              
0000d770  __mspabi_slli_14              
0000d76e  __mspabi_slli_15              
0000d788  __mspabi_slli_2               
0000d786  __mspabi_slli_3               
0000d784  __mspabi_slli_4               
0000d782  __mspabi_slli_5               
0000d780  __mspabi_slli_6               
0000d77e  __mspabi_slli_7               
0000d77c  __mspabi_slli_8               
0000d77a  __mspabi_slli_9               
0000d666  __mspabi_slll_1               
0000d642  __mspabi_slll_10              
0000d63e  __mspabi_slll_11              
0000d63a  __mspabi_slll_12              
0000d636  __mspabi_slll_13              
0000d632  __mspabi_slll_14              
0000d62e  __mspabi_slll_15              
0000d662  __mspabi_slll_2               
0000d65e  __mspabi_slll_3               
0000d65a  __mspabi_slll_4               
0000d656  __mspabi_slll_5               
0000d652  __mspabi_slll_6               
0000d64e  __mspabi_slll_7               
0000d64a  __mspabi_slll_8               
0000d646  __mspabi_slll_9               
0000d568  __mspabi_sllll                
0000d70a  __mspabi_srai                 
0000d732  __mspabi_srai_1               
0000d720  __mspabi_srai_10              
0000d71e  __mspabi_srai_11              
0000d71c  __mspabi_srai_12              
0000d71a  __mspabi_srai_13              
0000d718  __mspabi_srai_14              
0000d716  __mspabi_srai_15              
0000d730  __mspabi_srai_2               
0000d72e  __mspabi_srai_3               
0000d72c  __mspabi_srai_4               
0000d72a  __mspabi_srai_5               
0000d728  __mspabi_srai_6               
0000d726  __mspabi_srai_7               
0000d724  __mspabi_srai_8               
0000d722  __mspabi_srai_9               
0000d492  __mspabi_srall                
0000d446  __mspabi_srli                 
0000d48c  __mspabi_srli_1               
0000d468  __mspabi_srli_10              
0000d464  __mspabi_srli_11              
0000d460  __mspabi_srli_12              
0000d45c  __mspabi_srli_13              
0000d458  __mspabi_srli_14              
0000d454  __mspabi_srli_15              
0000d488  __mspabi_srli_2               
0000d484  __mspabi_srli_3               
0000d480  __mspabi_srli_4               
0000d47c  __mspabi_srli_5               
0000d478  __mspabi_srli_6               
0000d474  __mspabi_srli_7               
0000d470  __mspabi_srli_8               
0000d46c  __mspabi_srli_9               
0000d8cc  __mspabi_srll                 
0000d340  __mspabi_srll_1               
0000d30a  __mspabi_srll_10              
0000d304  __mspabi_srll_11              
0000d2fe  __mspabi_srll_12              
0000d2f8  __mspabi_srll_13              
0000d2f2  __mspabi_srll_14              
0000d2ec  __mspabi_srll_15              
0000d33a  __mspabi_srll_2               
0000d334  __mspabi_srll_3               
0000d32e  __mspabi_srll_4               
0000d328  __mspabi_srll_5               
0000d322  __mspabi_srll_6               
0000d31c  __mspabi_srll_7               
0000d316  __mspabi_srll_8               
0000d310  __mspabi_srll_9               
0000d522  __mspabi_srlll                
0000d7f4  _c_int00_noargs               
0000fffe  _reset_vector                 
000003b0  _stack                        
0000d988  _system_post_cinit            
0000d97c  _system_pre_init              
0000d976  abort                         
0000cd3e  count_timer_2                 
0000d810  delay                         
0000d980  disable_interrupts            
0000d984  enable_interrupts             
0000d6a4  enterLPM                      
0000d042  freq_measure                  
0000d968  is_sw_up                      
0000d66c  lcd_cmd                       
0000d3f6  lcd_data                      
0000cc7c  lcd_init                      
0000d8de  lcd_puts                      
0000d922  lcd_strobe                    
00000204  lpm_mode                      
0000d3a0  main                          
0000d8f0  memcpy                        
0000ce9e  print_num                     
0000d912  startTimerA0                  
00000206  state                         
0000d858  sysConfig                     
0000d6d8  test_lcd                      
0000d6d8  test_lcd_drivers              
0000cdfe  tone_generator                
0000d1bc  write_freq_tmp_LCD            


GLOBAL SYMBOLS: SORTED BY Symbol Address 

address   name                          
-------   ----                          
00000000  IE1                           
00000001  IE2                           
00000002  IFG1                          
00000003  IFG2                          
00000010  P3REN                         
00000018  P3IN                          
00000019  P3OUT                         
0000001a  P3DIR                         
0000001b  P3SEL                         
00000020  P1IN                          
00000021  P1OUT                         
00000022  P1DIR                         
00000023  P1IFG                         
00000024  P1IES                         
00000025  P1IE                          
00000026  P1SEL                         
00000027  P1REN                         
00000028  P2IN                          
00000029  P2OUT                         
0000002a  P2DIR                         
0000002b  P2IFG                         
0000002c  P2IES                         
0000002d  P2IE                          
0000002e  P2SEL                         
0000002f  P2REN                         
00000041  P1SEL2                        
00000042  P2SEL2                        
00000043  P3SEL2                        
00000048  ADC10DTC0                     
00000049  ADC10DTC1                     
0000004a  ADC10AE0                      
00000050  __STACK_SIZE                  
00000053  BCSCTL3                       
00000056  DCOCTL                        
00000057  BCSCTL1                       
00000058  BCSCTL2                       
00000059  CACTL1                        
0000005a  CACTL2                        
0000005b  CAPD                          
0000005d  UCA0ABCTL                     
0000005e  UCA0IRTCTL                    
0000005f  UCA0IRRCTL                    
00000060  UCA0CTL0                      
00000061  UCA0CTL1                      
00000062  UCA0BR0                       
00000063  UCA0BR1                       
00000064  UCA0MCTL                      
00000065  UCA0STAT                      
00000066  UCA0RXBUF                     
00000067  UCA0TXBUF                     
00000068  UCB0CTL0                      
00000069  UCB0CTL1                      
0000006a  UCB0BR0                       
0000006b  UCB0BR1                       
0000006c  UCB0I2CIE                     
0000006d  UCB0STAT                      
0000006e  UCB0RXBUF                     
0000006f  UCB0TXBUF                     
00000118  UCB0I2COA                     
0000011a  UCB0I2CSA                     
0000011e  TA1IV                         
00000120  WDTCTL                        
00000128  FCTL1                         
0000012a  FCTL2                         
0000012c  FCTL3                         
0000012e  TA0IV                         
00000160  TA0CTL                        
00000162  TA0CCTL0                      
00000164  TA0CCTL1                      
00000166  TA0CCTL2                      
00000170  TA0R                          
00000172  TA0CCR0                       
00000174  TA0CCR1                       
00000176  TA0CCR2                       
00000180  TA1CTL                        
00000182  TA1CCTL0                      
00000184  TA1CCTL1                      
00000186  TA1CCTL2                      
00000190  TA1R                          
00000192  TA1CCR0                       
00000194  TA1CCR1                       
00000196  TA1CCR2                       
000001b0  ADC10CTL0                     
000001b2  ADC10CTL1                     
000001b4  ADC10MEM                      
000001bc  ADC10SA                       
00000200  REdge1                        
00000202  REdge2                        
00000204  lpm_mode                      
00000206  state                         
00000208  Count                         
000003b0  _stack                        
00000400  __STACK_END                   
000010c0  TLV_CHECKSUM                  
000010da  TLV_ADC10_1_TAG               
000010db  TLV_ADC10_1_LEN               
000010f6  TLV_DCO_30_TAG                
000010f7  TLV_DCO_30_LEN                
000010f8  CALDCO_16MHZ                  
000010f9  CALBC1_16MHZ                  
000010fa  CALDCO_12MHZ                  
000010fb  CALBC1_12MHZ                  
000010fc  CALDCO_8MHZ                   
000010fd  CALBC1_8MHZ                   
000010fe  CALDCO_1MHZ                   
000010ff  CALBC1_1MHZ                   
0000c000  __mspabi_addd                 
0000c736  __mspabi_mpyd                 
0000c9f6  __TI_frcmpyd                  
0000cb68  __mspabi_mpyll                
0000cb68  __mspabi_mpyll_sw             
0000cc7c  lcd_init                      
0000cd3e  count_timer_2                 
0000cdfe  tone_generator                
0000ce9e  print_num                     
0000cf2c  PBs_handler                   
0000cfb8  __mspabi_fltuld               
0000d042  freq_measure                  
0000d0cc  __TI_decompress_lzss          
0000d148  __mspabi_fixdul               
0000d1bc  write_freq_tmp_LCD            
0000d22a  GPIOconfig                    
0000d290  PBs_handler_P2                
0000d2ec  __mspabi_srll_15              
0000d2f2  __mspabi_srll_14              
0000d2f8  __mspabi_srll_13              
0000d2fe  __mspabi_srll_12              
0000d304  __mspabi_srll_11              
0000d30a  __mspabi_srll_10              
0000d310  __mspabi_srll_9               
0000d316  __mspabi_srll_8               
0000d31c  __mspabi_srll_7               
0000d322  __mspabi_srll_6               
0000d328  __mspabi_srll_5               
0000d32e  __mspabi_srll_4               
0000d334  __mspabi_srll_3               
0000d33a  __mspabi_srll_2               
0000d340  __mspabi_srll_1               
0000d348  __mspabi_divul                
0000d348  __mspabi_remul                
0000d3a0  main                          
0000d3f6  lcd_data                      
0000d446  __mspabi_srli                 
0000d454  __mspabi_srli_15              
0000d458  __mspabi_srli_14              
0000d45c  __mspabi_srli_13              
0000d460  __mspabi_srli_12              
0000d464  __mspabi_srli_11              
0000d468  __mspabi_srli_10              
0000d46c  __mspabi_srli_9               
0000d470  __mspabi_srli_8               
0000d474  __mspabi_srli_7               
0000d478  __mspabi_srli_6               
0000d47c  __mspabi_srli_5               
0000d480  __mspabi_srli_4               
0000d484  __mspabi_srli_3               
0000d488  __mspabi_srli_2               
0000d48c  __mspabi_srli_1               
0000d492  __mspabi_srall                
0000d4dc  TIMER1_A1_ISR                 
0000d522  __mspabi_srlll                
0000d568  __mspabi_sllll                
0000d5ac  __TI_auto_init_nobinit_nopinit
0000d5ee  __mspabi_divli                
0000d5ee  __mspabi_remli                
0000d62e  __mspabi_slll_15              
0000d632  __mspabi_slll_14              
0000d636  __mspabi_slll_13              
0000d63a  __mspabi_slll_12              
0000d63e  __mspabi_slll_11              
0000d642  __mspabi_slll_10              
0000d646  __mspabi_slll_9               
0000d64a  __mspabi_slll_8               
0000d64e  __mspabi_slll_7               
0000d652  __mspabi_slll_6               
0000d656  __mspabi_slll_5               
0000d65a  __mspabi_slll_4               
0000d65e  __mspabi_slll_3               
0000d662  __mspabi_slll_2               
0000d666  __mspabi_slll_1               
0000d66c  lcd_cmd                       
0000d6a4  enterLPM                      
0000d6d8  test_lcd                      
0000d6d8  test_lcd_drivers              
0000d70a  __mspabi_srai                 
0000d716  __mspabi_srai_15              
0000d718  __mspabi_srai_14              
0000d71a  __mspabi_srai_13              
0000d71c  __mspabi_srai_12              
0000d71e  __mspabi_srai_11              
0000d720  __mspabi_srai_10              
0000d722  __mspabi_srai_9               
0000d724  __mspabi_srai_8               
0000d726  __mspabi_srai_7               
0000d728  __mspabi_srai_6               
0000d72a  __mspabi_srai_5               
0000d72c  __mspabi_srai_4               
0000d72e  __mspabi_srai_3               
0000d730  __mspabi_srai_2               
0000d732  __mspabi_srai_1               
0000d736  __mspabi_divi                 
0000d736  __mspabi_remi                 
0000d762  __mspabi_slli                 
0000d76e  __mspabi_slli_15              
0000d770  __mspabi_slli_14              
0000d772  __mspabi_slli_13              
0000d774  __mspabi_slli_12              
0000d776  __mspabi_slli_11              
0000d778  __mspabi_slli_10              
0000d77a  __mspabi_slli_9               
0000d77c  __mspabi_slli_8               
0000d77e  __mspabi_slli_7               
0000d780  __mspabi_slli_6               
0000d782  __mspabi_slli_5               
0000d784  __mspabi_slli_4               
0000d786  __mspabi_slli_3               
0000d788  __mspabi_slli_2               
0000d78a  __mspabi_slli_1               
0000d78e  __mspabi_mpyl                 
0000d78e  __mspabi_mpyl_sw              
0000d7b4  __mspabi_mpyul                
0000d7b4  __mspabi_mpyul_sw             
0000d7d6  __mspabi_mpyull               
0000d7d6  __mspabi_mpyull_sw            
0000d7f4  _c_int00_noargs               
0000d810  delay                         
0000d82a  TIMER0_A0_config              
0000d842  __mspabi_divu                 
0000d842  __mspabi_remu                 
0000d858  sysConfig                     
0000d86e  DelayMs                       
0000d882  __TI_zero_init_nomemset       
0000d896  ADCconfig                     
0000d8a8  __mspabi_fixdu                
0000d8ba  __TI_decompress_none          
0000d8cc  __mspabi_srll                 
0000d8de  lcd_puts                      
0000d8f0  memcpy                        
0000d902  __mspabi_func_epilog_7        
0000d904  __mspabi_func_epilog_6        
0000d906  __mspabi_func_epilog_5        
0000d908  __mspabi_func_epilog_4        
0000d90a  __mspabi_func_epilog_3        
0000d90c  __mspabi_func_epilog_2        
0000d90e  __mspabi_func_epilog_1        
0000d912  startTimerA0                  
0000d922  lcd_strobe                    
0000d930  DelayUs                       
0000d93c  Timer_A                       
0000d948  ADC10_ISR                     
0000d950  TIMER1_A1_config              
0000d958  TIMER1_A2_config              
0000d960  __TI_ISR_TRAP                 
0000d968  is_sw_up                      
0000d970  __mspabi_fltud                
0000d976  C$$EXIT                       
0000d976  abort                         
0000d97c  _system_pre_init              
0000d980  disable_interrupts            
0000d984  enable_interrupts             
0000d988  _system_post_cinit            
0000d9b8  __TI_Handler_Table_Base       
0000d9be  __TI_Handler_Table_Limit      
0000d9c2  __TI_CINIT_Base               
0000d9ca  __TI_CINIT_Limit              
0000d9ca  __TI_CINIT_Warm               
0000ffe0  __TI_int00                    
0000ffe4  __TI_int02                    
0000ffe6  __TI_int03                    
0000ffea  __TI_int05                    
0000ffec  __TI_int06                    
0000ffee  __TI_int07                    
0000fff0  __TI_int08                    
0000fff2  __TI_int09                    
0000fff4  __TI_int10                    
0000fff6  __TI_int11                    
0000fff8  __TI_int12                    
0000fffa  __TI_int13                    
0000fffc  __TI_int14                    
0000fffe  _reset_vector                 
ffffffff  __TI_pprof_out_hndl           
ffffffff  __TI_prof_data_size           
ffffffff  __TI_prof_data_start          
ffffffff  __c_args__                    

[284 symbols]
