******************************************************************************
                  MSP430 Linker PC v21.6.1                     
******************************************************************************
>> Linked Sat May 17 09:40:25 2025

OUTPUT FILE NAME:   <test1.out>
ENTRY POINT SYMBOL: "_c_int00_noargs"  address: 0000c460


MEMORY CONFIGURATION

         name            origin    length      used     unused   attr    fill
----------------------  --------  ---------  --------  --------  ----  --------
  SFR                   00000000   00000010  00000000  00000010  RWIX
  PERIPHERALS_8BIT      00000010   000000f0  00000000  000000f0  RWIX
  PERIPHERALS_16BIT     00000100   00000100  00000000  00000100  RWIX
  RAM                   00000200   00000200  0000005a  000001a6  RWIX
  INFOD                 00001000   00000040  00000000  00000040  RWIX
  INFOC                 00001040   00000040  00000000  00000040  RWIX
  INFOB                 00001080   00000040  00000000  00000040  RWIX
  INFOA                 000010c0   00000040  00000000  00000040  RWIX
  FLASH                 0000c000   00003fde  000005bb  00003a23  RWIX
  BSLSIGNATURE          0000ffde   00000002  00000002  00000000  RWIX  ffff 
  INT00                 0000ffe0   00000002  00000002  00000000  RWIX
  INT01                 0000ffe2   00000002  00000000  00000002  RWIX
  INT02                 0000ffe4   00000002  00000002  00000000  RWIX
  INT03                 0000ffe6   00000002  00000002  00000000  RWIX
  INT04                 0000ffe8   00000002  00000000  00000002  RWIX
  INT05                 0000ffea   00000002  00000002  00000000  RWIX
  INT06                 0000ffec   00000002  00000002  00000000  RWIX
  INT07                 0000ffee   00000002  00000002  00000000  RWIX
  INT08                 0000fff0   00000002  00000002  00000000  RWIX
  INT09                 0000fff2   00000002  00000002  00000000  RWIX
  INT10                 0000fff4   00000002  00000002  00000000  RWIX
  INT11                 0000fff6   00000002  00000002  00000000  RWIX
  INT12                 0000fff8   00000002  00000002  00000000  RWIX
  INT13                 0000fffa   00000002  00000002  00000000  RWIX
  INT14                 0000fffc   00000002  00000002  00000000  RWIX
  RESET                 0000fffe   00000002  00000002  00000000  RWIX


SECTION ALLOCATION MAP

 output                                  attributes/
section   page    origin      length       input sections
--------  ----  ----------  ----------   ----------------
.bss       0    00000200    00000008     UNINITIALIZED
                  00000200    00000002     (.common:REdge1)
                  00000202    00000002     (.common:REdge2)
                  00000204    00000002     (.common:lpm_mode)
                  00000206    00000002     (.common:state)

.data      0    00000208    00000002     UNINITIALIZED
                  00000208    00000002     halGPIO.obj (.data)

.stack     0    000003b0    00000050     UNINITIALIZED
                  000003b0    00000002     rts430_eabi.lib : boot.c.obj (.stack)
                  000003b2    0000004e     --HOLE--

.text      0    0000c000    00000596     
                  0000c000    000000c2     halGPIO.obj (.text:lcd_init)
                  0000c0c2    0000008c     halGPIO.obj (.text:PBs_handler)
                  0000c14e    0000007c     rts430_eabi.lib : copy_decompress_lzss.c.obj (.text:decompress:lzss:__TI_decompress_lzss)
                  0000c1ca    0000005e     bsp.obj (.text:GPIOconfig)
                  0000c228    0000005c     halGPIO.obj (.text:PBs_handler_P2)
                  0000c284    00000050     halGPIO.obj (.text:lcd_data)
                  0000c2d4    0000004c     rts430_eabi.lib : lsr16.asm.obj (.text)
                  0000c320    00000046     halGPIO.obj (.text:TIMER1_A1_ISR)
                  0000c366    00000042     rts430_eabi.lib : autoinit.c.obj (.text:__TI_auto_init_nobinit_nopinit:__TI_auto_init_nobinit_nopinit)
                  0000c3a8    00000038     halGPIO.obj (.text:lcd_cmd)
                  0000c3e0    00000032     halGPIO.obj (.text:test_lcd_drivers)
                  0000c412    0000002c     rts430_eabi.lib : lsl16.asm.obj (.text)
                  0000c43e    00000022     main.obj (.text:main)
                  0000c460    0000001c     rts430_eabi.lib : boot.c.obj (.text:_c_int00_noargs)
                  0000c47c    0000001a     halGPIO.obj (.text:delay)
                  0000c496    00000018     bsp.obj (.text:TIMER0_A0_config)
                  0000c4ae    00000016     halGPIO.obj (.text:sysConfig)
                  0000c4c4    00000014     halGPIO.obj (.text:DelayMs)
                  0000c4d8    00000014     rts430_eabi.lib : copy_zero_init.c.obj (.text:decompress:ZI:__TI_zero_init_nomemset:__TI_zero_init_nomemset)
                  0000c4ec    00000012     bsp.obj (.text:ADCconfig)
                  0000c4fe    00000012     rts430_eabi.lib : copy_decompress_none.c.obj (.text:decompress:none:__TI_decompress_none)
                  0000c510    00000012     halGPIO.obj (.text:lcd_puts)
                  0000c522    00000012     rts430_eabi.lib : memcpy.c.obj (.text:memcpy)
                  0000c534    00000010                     : epilog.asm.obj (.text)
                  0000c544    0000000e     halGPIO.obj (.text:lcd_strobe)
                  0000c552    0000000c     halGPIO.obj (.text:DelayUs)
                  0000c55e    0000000c     halGPIO.obj (.text:Timer_A)
                  0000c56a    00000008     halGPIO.obj (.text:ADC10_ISR)
                  0000c572    00000008     bsp.obj (.text:TIMER1_A1_config)
                  0000c57a    00000008     bsp.obj (.text:TIMER1_A2_config)
                  0000c582    00000008     rts430_eabi.lib : isr_trap.asm.obj (.text:_isr:__TI_ISR_TRAP)
                  0000c58a    00000006                     : exit.c.obj (.text:abort)
                  0000c590    00000004                     : pre_init.c.obj (.text:_system_pre_init)
                  0000c594    00000002                     : startup.c.obj (.text:_system_post_cinit)

.const     0    0000c596    0000000d     
                  0000c596    0000000d     halGPIO.obj (.const:.string:$P$T2$3)

.cinit     0    0000c5a4    00000018     
                  0000c5a4    00000006     (.cinit..data.load) [load image]
                  0000c5aa    00000006     (__TI_handler_table)
                  0000c5b0    00000004     (.cinit..bss.load) [load image, compression = zero_init]
                  0000c5b4    00000008     (__TI_cinit_table)

.binit     0    0000c000    00000000     

.init_array 
*          0    0000c000    00000000     UNINITIALIZED

TRAPINT    0    0000ffe0    00000002     
                  0000ffe0    00000002     rts430_eabi.lib : int00.asm.obj (.int00)

PORT1      0    0000ffe4    00000002     
                  0000ffe4    00000002     halGPIO.obj (.int02)

PORT2      0    0000ffe6    00000002     
                  0000ffe6    00000002     halGPIO.obj (.int03)

ADC10      0    0000ffea    00000002     
                  0000ffea    00000002     halGPIO.obj (.int05)

USCIAB0TX 
*          0    0000ffec    00000002     
                  0000ffec    00000002     rts430_eabi.lib : int06.asm.obj (.int06)

USCIAB0RX 
*          0    0000ffee    00000002     
                  0000ffee    00000002     rts430_eabi.lib : int07.asm.obj (.int07)

TIMER0_A1 
*          0    0000fff0    00000002     
                  0000fff0    00000002     rts430_eabi.lib : int08.asm.obj (.int08)

TIMER0_A0 
*          0    0000fff2    00000002     
                  0000fff2    00000002     halGPIO.obj (.int09)

WDT        0    0000fff4    00000002     
                  0000fff4    00000002     rts430_eabi.lib : int10.asm.obj (.int10)

COMPARATORA 
*          0    0000fff6    00000002     
                  0000fff6    00000002     rts430_eabi.lib : int11.asm.obj (.int11)

TIMER1_A1 
*          0    0000fff8    00000002     
                  0000fff8    00000002     halGPIO.obj (.int12)

TIMER1_A0 
*          0    0000fffa    00000002     
                  0000fffa    00000002     rts430_eabi.lib : int13.asm.obj (.int13)

NMI        0    0000fffc    00000002     
                  0000fffc    00000002     rts430_eabi.lib : int14.asm.obj (.int14)

.reset     0    0000fffe    00000002     
                  0000fffe    00000002     rts430_eabi.lib : boot.c.obj (.reset)

$fill000   0    0000ffde    00000002     
                  0000ffde    00000002     --HOLE-- [fill = ffff]

MODULE SUMMARY

       Module                       code   ro data   rw data
       ------                       ----   -------   -------
    .\source\
       halGPIO.obj                  814    23        2      
       bsp.obj                      152    0         0      
       main.obj                     34     0         4      
       api.obj                      0      0         4      
    +--+----------------------------+------+---------+---------+
       Total:                       1000   23        10     
                                                            
    C:\ti\ccs2011\ccs\tools\compiler\ti-cgt-msp430_21.6.1.LTS\lib\rts430_eabi.lib
       copy_decompress_lzss.c.obj   124    0         0      
       lsr16.asm.obj                76     0         0      
       autoinit.c.obj               66     0         0      
       lsl16.asm.obj                44     0         0      
       boot.c.obj                   28     2         0      
       copy_zero_init.c.obj         20     0         0      
       copy_decompress_none.c.obj   18     0         0      
       memcpy.c.obj                 18     0         0      
       epilog.asm.obj               16     0         0      
       isr_trap.asm.obj             8      0         0      
       exit.c.obj                   6      0         0      
       pre_init.c.obj               4      0         0      
       int00.asm.obj                0      2         0      
       int06.asm.obj                0      2         0      
       int07.asm.obj                0      2         0      
       int08.asm.obj                0      2         0      
       int10.asm.obj                0      2         0      
       int11.asm.obj                0      2         0      
       int13.asm.obj                0      2         0      
       int14.asm.obj                0      2         0      
       startup.c.obj                2      0         0      
    +--+----------------------------+------+---------+---------+
       Total:                       430    18        0      
                                                            
       Stack:                       0      0         80     
       Linker Generated:            0      24        0      
    +--+----------------------------+------+---------+---------+
       Grand Total:                 1430   65        90     


LINKER GENERATED COPY TABLES

__TI_cinit_table @ 0000c5b4 records: 2, size/record: 4, table size: 8
	.data: load addr=0000c5a4, load size=00000006 bytes, run addr=00000208, run size=00000002 bytes, compression=copy
	.bss: load addr=0000c5b0, load size=00000004 bytes, run addr=00000200, run size=00000008 bytes, compression=zero_init


LINKER GENERATED HANDLER TABLE

__TI_handler_table @ 0000c5aa records: 3, size/record: 2, table size: 6
	index: 0, handler: __TI_zero_init
	index: 1, handler: __TI_decompress_lzss
	index: 2, handler: __TI_decompress_none


GLOBAL SYMBOLS: SORTED ALPHABETICALLY BY Name 

address   name                          
-------   ----                          
0000004a  ADC10AE0                      
000001b0  ADC10CTL0                     
000001b2  ADC10CTL1                     
00000048  ADC10DTC0                     
00000049  ADC10DTC1                     
000001b4  ADC10MEM                      
000001bc  ADC10SA                       
0000c56a  ADC10_ISR                     
0000c4ec  ADCconfig                     
00000057  BCSCTL1                       
00000058  BCSCTL2                       
00000053  BCSCTL3                       
0000c58a  C$$EXIT                       
00000059  CACTL1                        
0000005a  CACTL2                        
000010fb  CALBC1_12MHZ                  
000010f9  CALBC1_16MHZ                  
000010ff  CALBC1_1MHZ                   
000010fd  CALBC1_8MHZ                   
000010fa  CALDCO_12MHZ                  
000010f8  CALDCO_16MHZ                  
000010fe  CALDCO_1MHZ                   
000010fc  CALDCO_8MHZ                   
0000005b  CAPD                          
00000208  Count                         
00000056  DCOCTL                        
0000c4c4  DelayMs                       
0000c552  DelayUs                       
00000128  FCTL1                         
0000012a  FCTL2                         
0000012c  FCTL3                         
0000c1ca  GPIOconfig                    
00000000  IE1                           
00000001  IE2                           
00000002  IFG1                          
00000003  IFG2                          
00000022  P1DIR                         
00000025  P1IE                          
00000024  P1IES                         
00000023  P1IFG                         
00000020  P1IN                          
00000021  P1OUT                         
00000027  P1REN                         
00000026  P1SEL                         
00000041  P1SEL2                        
0000002a  P2DIR                         
0000002d  P2IE                          
0000002c  P2IES                         
0000002b  P2IFG                         
00000028  P2IN                          
00000029  P2OUT                         
0000002f  P2REN                         
0000002e  P2SEL                         
00000042  P2SEL2                        
0000001a  P3DIR                         
00000018  P3IN                          
00000019  P3OUT                         
00000010  P3REN                         
0000001b  P3SEL                         
00000043  P3SEL2                        
0000c0c2  PBs_handler                   
0000c228  PBs_handler_P2                
00000200  REdge1                        
00000202  REdge2                        
00000172  TA0CCR0                       
00000174  TA0CCR1                       
00000176  TA0CCR2                       
00000162  TA0CCTL0                      
00000164  TA0CCTL1                      
00000166  TA0CCTL2                      
00000160  TA0CTL                        
0000012e  TA0IV                         
00000170  TA0R                          
00000192  TA1CCR0                       
00000194  TA1CCR1                       
00000196  TA1CCR2                       
00000182  TA1CCTL0                      
00000184  TA1CCTL1                      
00000186  TA1CCTL2                      
00000180  TA1CTL                        
0000011e  TA1IV                         
00000190  TA1R                          
0000c496  TIMER0_A0_config              
0000c320  TIMER1_A1_ISR                 
0000c572  TIMER1_A1_config              
0000c57a  TIMER1_A2_config              
000010db  TLV_ADC10_1_LEN               
000010da  TLV_ADC10_1_TAG               
000010c0  TLV_CHECKSUM                  
000010f7  TLV_DCO_30_LEN                
000010f6  TLV_DCO_30_TAG                
0000c55e  Timer_A                       
0000005d  UCA0ABCTL                     
00000062  UCA0BR0                       
00000063  UCA0BR1                       
00000060  UCA0CTL0                      
00000061  UCA0CTL1                      
0000005f  UCA0IRRCTL                    
0000005e  UCA0IRTCTL                    
00000064  UCA0MCTL                      
00000066  UCA0RXBUF                     
00000065  UCA0STAT                      
00000067  UCA0TXBUF                     
0000006a  UCB0BR0                       
0000006b  UCB0BR1                       
00000068  UCB0CTL0                      
00000069  UCB0CTL1                      
0000006c  UCB0I2CIE                     
00000118  UCB0I2COA                     
0000011a  UCB0I2CSA                     
0000006e  UCB0RXBUF                     
0000006d  UCB0STAT                      
0000006f  UCB0TXBUF                     
00000120  WDTCTL                        
00000400  __STACK_END                   
00000050  __STACK_SIZE                  
0000c5b4  __TI_CINIT_Base               
0000c5bc  __TI_CINIT_Limit              
0000c5bc  __TI_CINIT_Warm               
0000c5aa  __TI_Handler_Table_Base       
0000c5b0  __TI_Handler_Table_Limit      
0000c582  __TI_ISR_TRAP                 
0000c366  __TI_auto_init_nobinit_nopinit
0000c14e  __TI_decompress_lzss          
0000c4fe  __TI_decompress_none          
0000ffe0  __TI_int00                    
0000ffe4  __TI_int02                    
0000ffe6  __TI_int03                    
0000ffea  __TI_int05                    
0000ffec  __TI_int06                    
0000ffee  __TI_int07                    
0000fff0  __TI_int08                    
0000fff2  __TI_int09                    
0000fff4  __TI_int10                    
0000fff6  __TI_int11                    
0000fff8  __TI_int12                    
0000fffa  __TI_int13                    
0000fffc  __TI_int14                    
ffffffff  __TI_pprof_out_hndl           
ffffffff  __TI_prof_data_size           
ffffffff  __TI_prof_data_start          
0000c4d8  __TI_zero_init_nomemset       
ffffffff  __c_args__                    
0000c540  __mspabi_func_epilog_1        
0000c53e  __mspabi_func_epilog_2        
0000c53c  __mspabi_func_epilog_3        
0000c53a  __mspabi_func_epilog_4        
0000c538  __mspabi_func_epilog_5        
0000c536  __mspabi_func_epilog_6        
0000c534  __mspabi_func_epilog_7        
0000c412  __mspabi_slli                 
0000c43a  __mspabi_slli_1               
0000c428  __mspabi_slli_10              
0000c426  __mspabi_slli_11              
0000c424  __mspabi_slli_12              
0000c422  __mspabi_slli_13              
0000c420  __mspabi_slli_14              
0000c41e  __mspabi_slli_15              
0000c438  __mspabi_slli_2               
0000c436  __mspabi_slli_3               
0000c434  __mspabi_slli_4               
0000c432  __mspabi_slli_5               
0000c430  __mspabi_slli_6               
0000c42e  __mspabi_slli_7               
0000c42c  __mspabi_slli_8               
0000c42a  __mspabi_slli_9               
0000c2d4  __mspabi_srli                 
0000c31a  __mspabi_srli_1               
0000c2f6  __mspabi_srli_10              
0000c2f2  __mspabi_srli_11              
0000c2ee  __mspabi_srli_12              
0000c2ea  __mspabi_srli_13              
0000c2e6  __mspabi_srli_14              
0000c2e2  __mspabi_srli_15              
0000c316  __mspabi_srli_2               
0000c312  __mspabi_srli_3               
0000c30e  __mspabi_srli_4               
0000c30a  __mspabi_srli_5               
0000c306  __mspabi_srli_6               
0000c302  __mspabi_srli_7               
0000c2fe  __mspabi_srli_8               
0000c2fa  __mspabi_srli_9               
0000c460  _c_int00_noargs               
0000fffe  _reset_vector                 
000003b0  _stack                        
0000c594  _system_post_cinit            
0000c590  _system_pre_init              
0000c58a  abort                         
0000c47c  delay                         
0000c3a8  lcd_cmd                       
0000c284  lcd_data                      
0000c000  lcd_init                      
0000c510  lcd_puts                      
0000c544  lcd_strobe                    
00000204  lpm_mode                      
0000c43e  main                          
0000c522  memcpy                        
00000206  state                         
0000c4ae  sysConfig                     
0000c3e0  test_lcd                      
0000c3e0  test_lcd_drivers              


GLOBAL SYMBOLS: SORTED BY Symbol Address 

address   name                          
-------   ----                          
00000000  IE1                           
00000001  IE2                           
00000002  IFG1                          
00000003  IFG2                          
00000010  P3REN                         
00000018  P3IN                          
00000019  P3OUT                         
0000001a  P3DIR                         
0000001b  P3SEL                         
00000020  P1IN                          
00000021  P1OUT                         
00000022  P1DIR                         
00000023  P1IFG                         
00000024  P1IES                         
00000025  P1IE                          
00000026  P1SEL                         
00000027  P1REN                         
00000028  P2IN                          
00000029  P2OUT                         
0000002a  P2DIR                         
0000002b  P2IFG                         
0000002c  P2IES                         
0000002d  P2IE                          
0000002e  P2SEL                         
0000002f  P2REN                         
00000041  P1SEL2                        
00000042  P2SEL2                        
00000043  P3SEL2                        
00000048  ADC10DTC0                     
00000049  ADC10DTC1                     
0000004a  ADC10AE0                      
00000050  __STACK_SIZE                  
00000053  BCSCTL3                       
00000056  DCOCTL                        
00000057  BCSCTL1                       
00000058  BCSCTL2                       
00000059  CACTL1                        
0000005a  CACTL2                        
0000005b  CAPD                          
0000005d  UCA0ABCTL                     
0000005e  UCA0IRTCTL                    
0000005f  UCA0IRRCTL                    
00000060  UCA0CTL0                      
00000061  UCA0CTL1                      
00000062  UCA0BR0                       
00000063  UCA0BR1                       
00000064  UCA0MCTL                      
00000065  UCA0STAT                      
00000066  UCA0RXBUF                     
00000067  UCA0TXBUF                     
00000068  UCB0CTL0                      
00000069  UCB0CTL1                      
0000006a  UCB0BR0                       
0000006b  UCB0BR1                       
0000006c  UCB0I2CIE                     
0000006d  UCB0STAT                      
0000006e  UCB0RXBUF                     
0000006f  UCB0TXBUF                     
00000118  UCB0I2COA                     
0000011a  UCB0I2CSA                     
0000011e  TA1IV                         
00000120  WDTCTL                        
00000128  FCTL1                         
0000012a  FCTL2                         
0000012c  FCTL3                         
0000012e  TA0IV                         
00000160  TA0CTL                        
00000162  TA0CCTL0                      
00000164  TA0CCTL1                      
00000166  TA0CCTL2                      
00000170  TA0R                          
00000172  TA0CCR0                       
00000174  TA0CCR1                       
00000176  TA0CCR2                       
00000180  TA1CTL                        
00000182  TA1CCTL0                      
00000184  TA1CCTL1                      
00000186  TA1CCTL2                      
00000190  TA1R                          
00000192  TA1CCR0                       
00000194  TA1CCR1                       
00000196  TA1CCR2                       
000001b0  ADC10CTL0                     
000001b2  ADC10CTL1                     
000001b4  ADC10MEM                      
000001bc  ADC10SA                       
00000200  REdge1                        
00000202  REdge2                        
00000204  lpm_mode                      
00000206  state                         
00000208  Count                         
000003b0  _stack                        
00000400  __STACK_END                   
000010c0  TLV_CHECKSUM                  
000010da  TLV_ADC10_1_TAG               
000010db  TLV_ADC10_1_LEN               
000010f6  TLV_DCO_30_TAG                
000010f7  TLV_DCO_30_LEN                
000010f8  CALDCO_16MHZ                  
000010f9  CALBC1_16MHZ                  
000010fa  CALDCO_12MHZ                  
000010fb  CALBC1_12MHZ                  
000010fc  CALDCO_8MHZ                   
000010fd  CALBC1_8MHZ                   
000010fe  CALDCO_1MHZ                   
000010ff  CALBC1_1MHZ                   
0000c000  lcd_init                      
0000c0c2  PBs_handler                   
0000c14e  __TI_decompress_lzss          
0000c1ca  GPIOconfig                    
0000c228  PBs_handler_P2                
0000c284  lcd_data                      
0000c2d4  __mspabi_srli                 
0000c2e2  __mspabi_srli_15              
0000c2e6  __mspabi_srli_14              
0000c2ea  __mspabi_srli_13              
0000c2ee  __mspabi_srli_12              
0000c2f2  __mspabi_srli_11              
0000c2f6  __mspabi_srli_10              
0000c2fa  __mspabi_srli_9               
0000c2fe  __mspabi_srli_8               
0000c302  __mspabi_srli_7               
0000c306  __mspabi_srli_6               
0000c30a  __mspabi_srli_5               
0000c30e  __mspabi_srli_4               
0000c312  __mspabi_srli_3               
0000c316  __mspabi_srli_2               
0000c31a  __mspabi_srli_1               
0000c320  TIMER1_A1_ISR                 
0000c366  __TI_auto_init_nobinit_nopinit
0000c3a8  lcd_cmd                       
0000c3e0  test_lcd                      
0000c3e0  test_lcd_drivers              
0000c412  __mspabi_slli                 
0000c41e  __mspabi_slli_15              
0000c420  __mspabi_slli_14              
0000c422  __mspabi_slli_13              
0000c424  __mspabi_slli_12              
0000c426  __mspabi_slli_11              
0000c428  __mspabi_slli_10              
0000c42a  __mspabi_slli_9               
0000c42c  __mspabi_slli_8               
0000c42e  __mspabi_slli_7               
0000c430  __mspabi_slli_6               
0000c432  __mspabi_slli_5               
0000c434  __mspabi_slli_4               
0000c436  __mspabi_slli_3               
0000c438  __mspabi_slli_2               
0000c43a  __mspabi_slli_1               
0000c43e  main                          
0000c460  _c_int00_noargs               
0000c47c  delay                         
0000c496  TIMER0_A0_config              
0000c4ae  sysConfig                     
0000c4c4  DelayMs                       
0000c4d8  __TI_zero_init_nomemset       
0000c4ec  ADCconfig                     
0000c4fe  __TI_decompress_none          
0000c510  lcd_puts                      
0000c522  memcpy                        
0000c534  __mspabi_func_epilog_7        
0000c536  __mspabi_func_epilog_6        
0000c538  __mspabi_func_epilog_5        
0000c53a  __mspabi_func_epilog_4        
0000c53c  __mspabi_func_epilog_3        
0000c53e  __mspabi_func_epilog_2        
0000c540  __mspabi_func_epilog_1        
0000c544  lcd_strobe                    
0000c552  DelayUs                       
0000c55e  Timer_A                       
0000c56a  ADC10_ISR                     
0000c572  TIMER1_A1_config              
0000c57a  TIMER1_A2_config              
0000c582  __TI_ISR_TRAP                 
0000c58a  C$$EXIT                       
0000c58a  abort                         
0000c590  _system_pre_init              
0000c594  _system_post_cinit            
0000c5aa  __TI_Handler_Table_Base       
0000c5b0  __TI_Handler_Table_Limit      
0000c5b4  __TI_CINIT_Base               
0000c5bc  __TI_CINIT_Limit              
0000c5bc  __TI_CINIT_Warm               
0000ffe0  __TI_int00                    
0000ffe4  __TI_int02                    
0000ffe6  __TI_int03                    
0000ffea  __TI_int05                    
0000ffec  __TI_int06                    
0000ffee  __TI_int07                    
0000fff0  __TI_int08                    
0000fff2  __TI_int09                    
0000fff4  __TI_int10                    
0000fff6  __TI_int11                    
0000fff8  __TI_int12                    
0000fffa  __TI_int13                    
0000fffc  __TI_int14                    
0000fffe  _reset_vector                 
ffffffff  __TI_pprof_out_hndl           
ffffffff  __TI_prof_data_size           
ffffffff  __TI_prof_data_start          
ffffffff  __c_args__                    

[201 symbols]
