******************************************************************************
                  MSP430 Linker PC v21.6.1                     
******************************************************************************
>> Linked Wed May 21 14:01:52 2025

OUTPUT FILE NAME:   <test1.out>
ENTRY POINT SYMBOL: "_c_int00_noargs"  address: 0000d8b2


MEMORY CONFIGURATION

         name            origin    length      used     unused   attr    fill
----------------------  --------  ---------  --------  --------  ----  --------
  SFR                   00000000   00000010  00000000  00000010  RWIX
  PERIPHERALS_8BIT      00000010   000000f0  00000000  000000f0  RWIX
  PERIPHERALS_16BIT     00000100   00000100  00000000  00000100  RWIX
  RAM                   00000200   00000200  0000005a  000001a6  RWIX
  INFOD                 00001000   00000040  00000000  00000040  RWIX
  INFOC                 00001040   00000040  00000000  00000040  RWIX
  INFOB                 00001080   00000040  00000000  00000040  RWIX
  INFOA                 000010c0   00000040  00000000  00000040  RWIX
  FLASH                 0000c000   00003fde  00001a95  00002549  RWIX
  BSLSIGNATURE          0000ffde   00000002  00000002  00000000  RWIX  ffff 
  INT00                 0000ffe0   00000002  00000002  00000000  RWIX
  INT01                 0000ffe2   00000002  00000000  00000002  RWIX
  INT02                 0000ffe4   00000002  00000002  00000000  RWIX
  INT03                 0000ffe6   00000002  00000002  00000000  RWIX
  INT04                 0000ffe8   00000002  00000000  00000002  RWIX
  INT05                 0000ffea   00000002  00000002  00000000  RWIX
  INT06                 0000ffec   00000002  00000002  00000000  RWIX
  INT07                 0000ffee   00000002  00000002  00000000  RWIX
  INT08                 0000fff0   00000002  00000002  00000000  RWIX
  INT09                 0000fff2   00000002  00000002  00000000  RWIX
  INT10                 0000fff4   00000002  00000002  00000000  RWIX
  INT11                 0000fff6   00000002  00000002  00000000  RWIX
  INT12                 0000fff8   00000002  00000002  00000000  RWIX
  INT13                 0000fffa   00000002  00000002  00000000  RWIX
  INT14                 0000fffc   00000002  00000002  00000000  RWIX
  RESET                 0000fffe   00000002  00000002  00000000  RWIX


SECTION ALLOCATION MAP

 output                                  attributes/
section   page    origin      length       input sections
--------  ----  ----------  ----------   ----------------
.bss       0    00000200    00000008     UNINITIALIZED
                  00000200    00000002     (.common:REdge1)
                  00000202    00000002     (.common:REdge2)
                  00000204    00000002     (.common:lpm_mode)
                  00000206    00000002     (.common:state)

.data      0    00000208    00000002     UNINITIALIZED
                  00000208    00000002     halGPIO.obj (.data)

.stack     0    000003b0    00000050     UNINITIALIZED
                  000003b0    00000002     rts430_eabi.lib : boot.c.obj (.stack)
                  000003b2    0000004e     --HOLE--

.text      0    0000c000    00001a48     
                  0000c000    00000736     rts430_eabi.lib : addd.c.obj (.text:__mspabi_addd)
                  0000c736    000002c0                     : mpyd.c.obj (.text:__mspabi_mpyd)
                  0000c9f6    00000172                     : frcmpyd.c.obj (.text:__TI_frcmpyd)
                  0000cb68    00000114                     : mult64.asm.obj (.text:__mpyll)
                  0000cc7c    000000c2     halGPIO.obj (.text:lcd_init)
                  0000cd3e    000000c0     api.obj (.text:count_timer_2)
                  0000cdfe    000000a0     api.obj (.text:tone_generator)
                  0000ce9e    0000008e     api.obj (.text:print_num)
                  0000cf2c    0000008c     halGPIO.obj (.text:PBs_handler)
                  0000cfb8    0000008a     rts430_eabi.lib : fltuld.c.obj (.text:__mspabi_fltuld)
                  0000d042    0000008a     api.obj (.text:freq_measure)
                  0000d0cc    00000082     bsp.obj (.text:GPIOconfig)
                  0000d14e    0000007c     rts430_eabi.lib : copy_decompress_lzss.c.obj (.text:decompress:lzss:__TI_decompress_lzss)
                  0000d1ca    00000074                     : fixdul.c.obj (.text:__mspabi_fixdul)
                  0000d23e    0000006e     halGPIO.obj (.text:write_freq_tmp_LCD)
                  0000d2ac    0000006a     halGPIO.obj (.text:PBs_handler_P2)
                  0000d316    00000060     main.obj (.text:main)
                  0000d376    0000005e     api.obj (.text:rotate_b)
                  0000d3d4    0000005c     rts430_eabi.lib : lsr32.asm.obj (.text:l_lsr_const)
                  0000d430    00000058                     : div32u.asm.obj (.text)
                  0000d488    00000050     halGPIO.obj (.text:lcd_data)
                  0000d4d8    0000004c     rts430_eabi.lib : lsr16.asm.obj (.text)
                  0000d524    0000004a                     : asr64.c.obj (.text:__mspabi_srall)
                  0000d56e    00000046     halGPIO.obj (.text:TIMER1_A1_ISR)
                  0000d5b4    00000046     rts430_eabi.lib : lsr64.c.obj (.text:__mspabi_srlll)
                  0000d5fa    00000044                     : lsl64.c.obj (.text:__mspabi_sllll)
                  0000d63e    00000042                     : autoinit.c.obj (.text:__TI_auto_init_nobinit_nopinit:__TI_auto_init_nobinit_nopinit)
                  0000d680    00000040                     : div32s.asm.obj (.text)
                  0000d6c0    0000003e                     : lsl32.asm.obj (.text:l_lsl_const)
                  0000d6fe    00000038     halGPIO.obj (.text:lcd_cmd)
                  0000d736    00000034     halGPIO.obj (.text:enterLPM)
                  0000d76a    00000032     halGPIO.obj (.text:test_lcd_drivers)
                  0000d79c    0000002c     api.obj (.text:print_b)
                  0000d7c8    0000002c     rts430_eabi.lib : asr16.asm.obj (.text)
                  0000d7f4    0000002c                     : div16s.asm.obj (.text)
                  0000d820    0000002c                     : lsl16.asm.obj (.text)
                  0000d84c    00000026                     : mult32.asm.obj (.text)
                  0000d872    00000022                     : mult1632.asm.obj (.text:__mpyul)
                  0000d894    0000001e                     : mult3264.asm.obj (.text:__mpyull)
                  0000d8b2    0000001c                     : boot.c.obj (.text:_c_int00_noargs)
                  0000d8ce    0000001a     halGPIO.obj (.text:delay)
                  0000d8e8    00000018     bsp.obj (.text:TIMER0_A0_config)
                  0000d900    00000016     rts430_eabi.lib : div16u.asm.obj (.text)
                  0000d916    00000016     halGPIO.obj (.text:sysConfig)
                  0000d92c    00000014     halGPIO.obj (.text:DelayMs)
                  0000d940    00000014     rts430_eabi.lib : copy_zero_init.c.obj (.text:decompress:ZI:__TI_zero_init_nomemset:__TI_zero_init_nomemset)
                  0000d954    00000012     bsp.obj (.text:ADCconfig)
                  0000d966    00000012     rts430_eabi.lib : fixdu.c.obj (.text:__mspabi_fixdu)
                  0000d978    00000012                     : copy_decompress_none.c.obj (.text:decompress:none:__TI_decompress_none)
                  0000d98a    00000012                     : lsr32.asm.obj (.text:l_lsr)
                  0000d99c    00000012     halGPIO.obj (.text:lcd_puts)
                  0000d9ae    00000012     rts430_eabi.lib : memcpy.c.obj (.text:memcpy)
                  0000d9c0    00000010                     : epilog.asm.obj (.text)
                  0000d9d0    00000010     halGPIO.obj (.text:startTimerA0)
                  0000d9e0    0000000e     halGPIO.obj (.text:lcd_strobe)
                  0000d9ee    0000000c     halGPIO.obj (.text:DelayUs)
                  0000d9fa    0000000c     halGPIO.obj (.text:Timer_A)
                  0000da06    00000008     halGPIO.obj (.text:ADC10_ISR)
                  0000da0e    00000008     bsp.obj (.text:TIMER1_A1_config)
                  0000da16    00000008     bsp.obj (.text:TIMER1_A2_config)
                  0000da1e    00000008     rts430_eabi.lib : isr_trap.asm.obj (.text:_isr:__TI_ISR_TRAP)
                  0000da26    00000008     halGPIO.obj (.text:is_sw_up)
                  0000da2e    00000006     rts430_eabi.lib : fltud.c.obj (.text:__mspabi_fltud)
                  0000da34    00000006                     : exit.c.obj (.text:abort)
                  0000da3a    00000004                     : pre_init.c.obj (.text:_system_pre_init)
                  0000da3e    00000004     halGPIO.obj (.text:disable_interrupts)
                  0000da42    00000004     halGPIO.obj (.text:enable_interrupts)
                  0000da46    00000002     rts430_eabi.lib : startup.c.obj (.text:_system_post_cinit)

.const     0    0000da48    00000035     
                  0000da48    0000001e     api.obj (.const:.string)
                  0000da66    0000000d     halGPIO.obj (.const:.string:$P$T2$3)
                  0000da73    00000001     --HOLE-- [fill = 0]
                  0000da74    00000005     halGPIO.obj (.const:.string:$P$T0$1)
                  0000da79    00000001     --HOLE-- [fill = 0]
                  0000da7a    00000003     halGPIO.obj (.const:.string:$P$T1$2)

.cinit     0    0000da7e    00000018     
                  0000da7e    00000006     (.cinit..data.load) [load image]
                  0000da84    00000006     (__TI_handler_table)
                  0000da8a    00000004     (.cinit..bss.load) [load image, compression = zero_init]
                  0000da8e    00000008     (__TI_cinit_table)

.binit     0    0000c000    00000000     

.init_array 
*          0    0000c000    00000000     UNINITIALIZED

TRAPINT    0    0000ffe0    00000002     
                  0000ffe0    00000002     rts430_eabi.lib : int00.asm.obj (.int00)

PORT1      0    0000ffe4    00000002     
                  0000ffe4    00000002     halGPIO.obj (.int02)

PORT2      0    0000ffe6    00000002     
                  0000ffe6    00000002     halGPIO.obj (.int03)

ADC10      0    0000ffea    00000002     
                  0000ffea    00000002     halGPIO.obj (.int05)

USCIAB0TX 
*          0    0000ffec    00000002     
                  0000ffec    00000002     rts430_eabi.lib : int06.asm.obj (.int06)

USCIAB0RX 
*          0    0000ffee    00000002     
                  0000ffee    00000002     rts430_eabi.lib : int07.asm.obj (.int07)

TIMER0_A1 
*          0    0000fff0    00000002     
                  0000fff0    00000002     rts430_eabi.lib : int08.asm.obj (.int08)

TIMER0_A0 
*          0    0000fff2    00000002     
                  0000fff2    00000002     halGPIO.obj (.int09)

WDT        0    0000fff4    00000002     
                  0000fff4    00000002     rts430_eabi.lib : int10.asm.obj (.int10)

COMPARATORA 
*          0    0000fff6    00000002     
                  0000fff6    00000002     rts430_eabi.lib : int11.asm.obj (.int11)

TIMER1_A1 
*          0    0000fff8    00000002     
                  0000fff8    00000002     halGPIO.obj (.int12)

TIMER1_A0 
*          0    0000fffa    00000002     
                  0000fffa    00000002     rts430_eabi.lib : int13.asm.obj (.int13)

NMI        0    0000fffc    00000002     
                  0000fffc    00000002     rts430_eabi.lib : int14.asm.obj (.int14)

.reset     0    0000fffe    00000002     
                  0000fffe    00000002     rts430_eabi.lib : boot.c.obj (.reset)

$fill000   0    0000ffde    00000002     
                  0000ffde    00000002     --HOLE-- [fill = ffff]

MODULE SUMMARY

       Module                       code   ro data   rw data
       ------                       ----   -------   -------
    .\source\
       halGPIO.obj                  1022   31        2      
       api.obj                      770    30        4      
       bsp.obj                      188    0         0      
       main.obj                     96     0         4      
    +--+----------------------------+------+---------+---------+
       Total:                       2076   61        10     
                                                            
    C:\ti\ccs2011\ccs\tools\compiler\ti-cgt-msp430_21.6.1.LTS\lib\rts430_eabi.lib
       addd.c.obj                   1846   0         0      
       mpyd.c.obj                   704    0         0      
       frcmpyd.c.obj                370    0         0      
       mult64.asm.obj               276    0         0      
       fltuld.c.obj                 138    0         0      
       copy_decompress_lzss.c.obj   124    0         0      
       fixdul.c.obj                 116    0         0      
       lsr32.asm.obj                110    0         0      
       div32u.asm.obj               88     0         0      
       lsr16.asm.obj                76     0         0      
       asr64.c.obj                  74     0         0      
       lsr64.c.obj                  70     0         0      
       lsl64.c.obj                  68     0         0      
       autoinit.c.obj               66     0         0      
       div32s.asm.obj               64     0         0      
       lsl32.asm.obj                62     0         0      
       asr16.asm.obj                44     0         0      
       div16s.asm.obj               44     0         0      
       lsl16.asm.obj                44     0         0      
       mult32.asm.obj               38     0         0      
       mult1632.asm.obj             34     0         0      
       boot.c.obj                   28     2         0      
       mult3264.asm.obj             30     0         0      
       div16u.asm.obj               22     0         0      
       copy_zero_init.c.obj         20     0         0      
       copy_decompress_none.c.obj   18     0         0      
       fixdu.c.obj                  18     0         0      
       memcpy.c.obj                 18     0         0      
       epilog.asm.obj               16     0         0      
       isr_trap.asm.obj             8      0         0      
       exit.c.obj                   6      0         0      
       fltud.c.obj                  6      0         0      
       pre_init.c.obj               4      0         0      
       int00.asm.obj                0      2         0      
       int06.asm.obj                0      2         0      
       int07.asm.obj                0      2         0      
       int08.asm.obj                0      2         0      
       int10.asm.obj                0      2         0      
       int11.asm.obj                0      2         0      
       int13.asm.obj                0      2         0      
       int14.asm.obj                0      2         0      
       startup.c.obj                2      0         0      
    +--+----------------------------+------+---------+---------+
       Total:                       4652   18        0      
                                                            
       Stack:                       0      0         80     
       Linker Generated:            0      24        0      
    +--+----------------------------+------+---------+---------+
       Grand Total:                 6728   103       90     


LINKER GENERATED COPY TABLES

__TI_cinit_table @ 0000da8e records: 2, size/record: 4, table size: 8
	.data: load addr=0000da7e, load size=00000006 bytes, run addr=00000208, run size=00000002 bytes, compression=copy
	.bss: load addr=0000da8a, load size=00000004 bytes, run addr=00000200, run size=00000008 bytes, compression=zero_init


LINKER GENERATED HANDLER TABLE

__TI_handler_table @ 0000da84 records: 3, size/record: 2, table size: 6
	index: 0, handler: __TI_zero_init
	index: 1, handler: __TI_decompress_lzss
	index: 2, handler: __TI_decompress_none


GLOBAL SYMBOLS: SORTED ALPHABETICALLY BY Name 

address   name                          
-------   ----                          
0000004a  ADC10AE0                      
000001b0  ADC10CTL0                     
000001b2  ADC10CTL1                     
00000048  ADC10DTC0                     
00000049  ADC10DTC1                     
000001b4  ADC10MEM                      
000001bc  ADC10SA                       
0000da06  ADC10_ISR                     
0000d954  ADCconfig                     
00000057  BCSCTL1                       
00000058  BCSCTL2                       
00000053  BCSCTL3                       
0000da34  C$$EXIT                       
00000059  CACTL1                        
0000005a  CACTL2                        
000010fb  CALBC1_12MHZ                  
000010f9  CALBC1_16MHZ                  
000010ff  CALBC1_1MHZ                   
000010fd  CALBC1_8MHZ                   
000010fa  CALDCO_12MHZ                  
000010f8  CALDCO_16MHZ                  
000010fe  CALDCO_1MHZ                   
000010fc  CALDCO_8MHZ                   
0000005b  CAPD                          
00000208  Count                         
00000056  DCOCTL                        
0000d92c  DelayMs                       
0000d9ee  DelayUs                       
00000128  FCTL1                         
0000012a  FCTL2                         
0000012c  FCTL3                         
0000d0cc  GPIOconfig                    
00000000  IE1                           
00000001  IE2                           
00000002  IFG1                          
00000003  IFG2                          
00000022  P1DIR                         
00000025  P1IE                          
00000024  P1IES                         
00000023  P1IFG                         
00000020  P1IN                          
00000021  P1OUT                         
00000027  P1REN                         
00000026  P1SEL                         
00000041  P1SEL2                        
0000002a  P2DIR                         
0000002d  P2IE                          
0000002c  P2IES                         
0000002b  P2IFG                         
00000028  P2IN                          
00000029  P2OUT                         
0000002f  P2REN                         
0000002e  P2SEL                         
00000042  P2SEL2                        
0000001a  P3DIR                         
00000018  P3IN                          
00000019  P3OUT                         
00000010  P3REN                         
0000001b  P3SEL                         
00000043  P3SEL2                        
0000cf2c  PBs_handler                   
0000d2ac  PBs_handler_P2                
00000200  REdge1                        
00000202  REdge2                        
00000172  TA0CCR0                       
00000174  TA0CCR1                       
00000176  TA0CCR2                       
00000162  TA0CCTL0                      
00000164  TA0CCTL1                      
00000166  TA0CCTL2                      
00000160  TA0CTL                        
0000012e  TA0IV                         
00000170  TA0R                          
00000192  TA1CCR0                       
00000194  TA1CCR1                       
00000196  TA1CCR2                       
00000182  TA1CCTL0                      
00000184  TA1CCTL1                      
00000186  TA1CCTL2                      
00000180  TA1CTL                        
0000011e  TA1IV                         
00000190  TA1R                          
0000d8e8  TIMER0_A0_config              
0000d56e  TIMER1_A1_ISR                 
0000da0e  TIMER1_A1_config              
0000da16  TIMER1_A2_config              
000010db  TLV_ADC10_1_LEN               
000010da  TLV_ADC10_1_TAG               
000010c0  TLV_CHECKSUM                  
000010f7  TLV_DCO_30_LEN                
000010f6  TLV_DCO_30_TAG                
0000d9fa  Timer_A                       
0000005d  UCA0ABCTL                     
00000062  UCA0BR0                       
00000063  UCA0BR1                       
00000060  UCA0CTL0                      
00000061  UCA0CTL1                      
0000005f  UCA0IRRCTL                    
0000005e  UCA0IRTCTL                    
00000064  UCA0MCTL                      
00000066  UCA0RXBUF                     
00000065  UCA0STAT                      
00000067  UCA0TXBUF                     
0000006a  UCB0BR0                       
0000006b  UCB0BR1                       
00000068  UCB0CTL0                      
00000069  UCB0CTL1                      
0000006c  UCB0I2CIE                     
00000118  UCB0I2COA                     
0000011a  UCB0I2CSA                     
0000006e  UCB0RXBUF                     
0000006d  UCB0STAT                      
0000006f  UCB0TXBUF                     
00000120  WDTCTL                        
00000400  __STACK_END                   
00000050  __STACK_SIZE                  
0000da8e  __TI_CINIT_Base               
0000da96  __TI_CINIT_Limit              
0000da96  __TI_CINIT_Warm               
0000da84  __TI_Handler_Table_Base       
0000da8a  __TI_Handler_Table_Limit      
0000da1e  __TI_ISR_TRAP                 
0000d63e  __TI_auto_init_nobinit_nopinit
0000d14e  __TI_decompress_lzss          
0000d978  __TI_decompress_none          
0000c9f6  __TI_frcmpyd                  
0000ffe0  __TI_int00                    
0000ffe4  __TI_int02                    
0000ffe6  __TI_int03                    
0000ffea  __TI_int05                    
0000ffec  __TI_int06                    
0000ffee  __TI_int07                    
0000fff0  __TI_int08                    
0000fff2  __TI_int09                    
0000fff4  __TI_int10                    
0000fff6  __TI_int11                    
0000fff8  __TI_int12                    
0000fffa  __TI_int13                    
0000fffc  __TI_int14                    
ffffffff  __TI_pprof_out_hndl           
ffffffff  __TI_prof_data_size           
ffffffff  __TI_prof_data_start          
0000d940  __TI_zero_init_nomemset       
ffffffff  __c_args__                    
0000c000  __mspabi_addd                 
0000d7f4  __mspabi_divi                 
0000d680  __mspabi_divli                
0000d900  __mspabi_divu                 
0000d430  __mspabi_divul                
0000d966  __mspabi_fixdu                
0000d1ca  __mspabi_fixdul               
0000da2e  __mspabi_fltud                
0000cfb8  __mspabi_fltuld               
0000d9cc  __mspabi_func_epilog_1        
0000d9ca  __mspabi_func_epilog_2        
0000d9c8  __mspabi_func_epilog_3        
0000d9c6  __mspabi_func_epilog_4        
0000d9c4  __mspabi_func_epilog_5        
0000d9c2  __mspabi_func_epilog_6        
0000d9c0  __mspabi_func_epilog_7        
0000c736  __mspabi_mpyd                 
0000d84c  __mspabi_mpyl                 
0000d84c  __mspabi_mpyl_sw              
0000cb68  __mspabi_mpyll                
0000cb68  __mspabi_mpyll_sw             
0000d872  __mspabi_mpyul                
0000d872  __mspabi_mpyul_sw             
0000d894  __mspabi_mpyull               
0000d894  __mspabi_mpyull_sw            
0000d7f4  __mspabi_remi                 
0000d680  __mspabi_remli                
0000d900  __mspabi_remu                 
0000d430  __mspabi_remul                
0000d820  __mspabi_slli                 
0000d848  __mspabi_slli_1               
0000d836  __mspabi_slli_10              
0000d834  __mspabi_slli_11              
0000d832  __mspabi_slli_12              
0000d830  __mspabi_slli_13              
0000d82e  __mspabi_slli_14              
0000d82c  __mspabi_slli_15              
0000d846  __mspabi_slli_2               
0000d844  __mspabi_slli_3               
0000d842  __mspabi_slli_4               
0000d840  __mspabi_slli_5               
0000d83e  __mspabi_slli_6               
0000d83c  __mspabi_slli_7               
0000d83a  __mspabi_slli_8               
0000d838  __mspabi_slli_9               
0000d6f8  __mspabi_slll_1               
0000d6d4  __mspabi_slll_10              
0000d6d0  __mspabi_slll_11              
0000d6cc  __mspabi_slll_12              
0000d6c8  __mspabi_slll_13              
0000d6c4  __mspabi_slll_14              
0000d6c0  __mspabi_slll_15              
0000d6f4  __mspabi_slll_2               
0000d6f0  __mspabi_slll_3               
0000d6ec  __mspabi_slll_4               
0000d6e8  __mspabi_slll_5               
0000d6e4  __mspabi_slll_6               
0000d6e0  __mspabi_slll_7               
0000d6dc  __mspabi_slll_8               
0000d6d8  __mspabi_slll_9               
0000d5fa  __mspabi_sllll                
0000d7c8  __mspabi_srai                 
0000d7f0  __mspabi_srai_1               
0000d7de  __mspabi_srai_10              
0000d7dc  __mspabi_srai_11              
0000d7da  __mspabi_srai_12              
0000d7d8  __mspabi_srai_13              
0000d7d6  __mspabi_srai_14              
0000d7d4  __mspabi_srai_15              
0000d7ee  __mspabi_srai_2               
0000d7ec  __mspabi_srai_3               
0000d7ea  __mspabi_srai_4               
0000d7e8  __mspabi_srai_5               
0000d7e6  __mspabi_srai_6               
0000d7e4  __mspabi_srai_7               
0000d7e2  __mspabi_srai_8               
0000d7e0  __mspabi_srai_9               
0000d524  __mspabi_srall                
0000d4d8  __mspabi_srli                 
0000d51e  __mspabi_srli_1               
0000d4fa  __mspabi_srli_10              
0000d4f6  __mspabi_srli_11              
0000d4f2  __mspabi_srli_12              
0000d4ee  __mspabi_srli_13              
0000d4ea  __mspabi_srli_14              
0000d4e6  __mspabi_srli_15              
0000d51a  __mspabi_srli_2               
0000d516  __mspabi_srli_3               
0000d512  __mspabi_srli_4               
0000d50e  __mspabi_srli_5               
0000d50a  __mspabi_srli_6               
0000d506  __mspabi_srli_7               
0000d502  __mspabi_srli_8               
0000d4fe  __mspabi_srli_9               
0000d98a  __mspabi_srll                 
0000d428  __mspabi_srll_1               
0000d3f2  __mspabi_srll_10              
0000d3ec  __mspabi_srll_11              
0000d3e6  __mspabi_srll_12              
0000d3e0  __mspabi_srll_13              
0000d3da  __mspabi_srll_14              
0000d3d4  __mspabi_srll_15              
0000d422  __mspabi_srll_2               
0000d41c  __mspabi_srll_3               
0000d416  __mspabi_srll_4               
0000d410  __mspabi_srll_5               
0000d40a  __mspabi_srll_6               
0000d404  __mspabi_srll_7               
0000d3fe  __mspabi_srll_8               
0000d3f8  __mspabi_srll_9               
0000d5b4  __mspabi_srlll                
0000d8b2  _c_int00_noargs               
0000fffe  _reset_vector                 
000003b0  _stack                        
0000da46  _system_post_cinit            
0000da3a  _system_pre_init              
0000da34  abort                         
0000cd3e  count_timer_2                 
0000d8ce  delay                         
0000da3e  disable_interrupts            
0000da42  enable_interrupts             
0000d736  enterLPM                      
0000d042  freq_measure                  
0000da26  is_sw_up                      
0000d6fe  lcd_cmd                       
0000d488  lcd_data                      
0000cc7c  lcd_init                      
0000d99c  lcd_puts                      
0000d9e0  lcd_strobe                    
00000204  lpm_mode                      
0000d316  main                          
0000d9ae  memcpy                        
0000d79c  print_b                       
0000ce9e  print_num                     
0000d376  rotate_b                      
0000d9d0  startTimerA0                  
00000206  state                         
0000d916  sysConfig                     
0000d76a  test_lcd                      
0000d76a  test_lcd_drivers              
0000cdfe  tone_generator                
0000d23e  write_freq_tmp_LCD            


GLOBAL SYMBOLS: SORTED BY Symbol Address 

address   name                          
-------   ----                          
00000000  IE1                           
00000001  IE2                           
00000002  IFG1                          
00000003  IFG2                          
00000010  P3REN                         
00000018  P3IN                          
00000019  P3OUT                         
0000001a  P3DIR                         
0000001b  P3SEL                         
00000020  P1IN                          
00000021  P1OUT                         
00000022  P1DIR                         
00000023  P1IFG                         
00000024  P1IES                         
00000025  P1IE                          
00000026  P1SEL                         
00000027  P1REN                         
00000028  P2IN                          
00000029  P2OUT                         
0000002a  P2DIR                         
0000002b  P2IFG                         
0000002c  P2IES                         
0000002d  P2IE                          
0000002e  P2SEL                         
0000002f  P2REN                         
00000041  P1SEL2                        
00000042  P2SEL2                        
00000043  P3SEL2                        
00000048  ADC10DTC0                     
00000049  ADC10DTC1                     
0000004a  ADC10AE0                      
00000050  __STACK_SIZE                  
00000053  BCSCTL3                       
00000056  DCOCTL                        
00000057  BCSCTL1                       
00000058  BCSCTL2                       
00000059  CACTL1                        
0000005a  CACTL2                        
0000005b  CAPD                          
0000005d  UCA0ABCTL                     
0000005e  UCA0IRTCTL                    
0000005f  UCA0IRRCTL                    
00000060  UCA0CTL0                      
00000061  UCA0CTL1                      
00000062  UCA0BR0                       
00000063  UCA0BR1                       
00000064  UCA0MCTL                      
00000065  UCA0STAT                      
00000066  UCA0RXBUF                     
00000067  UCA0TXBUF                     
00000068  UCB0CTL0                      
00000069  UCB0CTL1                      
0000006a  UCB0BR0                       
0000006b  UCB0BR1                       
0000006c  UCB0I2CIE                     
0000006d  UCB0STAT                      
0000006e  UCB0RXBUF                     
0000006f  UCB0TXBUF                     
00000118  UCB0I2COA                     
0000011a  UCB0I2CSA                     
0000011e  TA1IV                         
00000120  WDTCTL                        
00000128  FCTL1                         
0000012a  FCTL2                         
0000012c  FCTL3                         
0000012e  TA0IV                         
00000160  TA0CTL                        
00000162  TA0CCTL0                      
00000164  TA0CCTL1                      
00000166  TA0CCTL2                      
00000170  TA0R                          
00000172  TA0CCR0                       
00000174  TA0CCR1                       
00000176  TA0CCR2                       
00000180  TA1CTL                        
00000182  TA1CCTL0                      
00000184  TA1CCTL1                      
00000186  TA1CCTL2                      
00000190  TA1R                          
00000192  TA1CCR0                       
00000194  TA1CCR1                       
00000196  TA1CCR2                       
000001b0  ADC10CTL0                     
000001b2  ADC10CTL1                     
000001b4  ADC10MEM                      
000001bc  ADC10SA                       
00000200  REdge1                        
00000202  REdge2                        
00000204  lpm_mode                      
00000206  state                         
00000208  Count                         
000003b0  _stack                        
00000400  __STACK_END                   
000010c0  TLV_CHECKSUM                  
000010da  TLV_ADC10_1_TAG               
000010db  TLV_ADC10_1_LEN               
000010f6  TLV_DCO_30_TAG                
000010f7  TLV_DCO_30_LEN                
000010f8  CALDCO_16MHZ                  
000010f9  CALBC1_16MHZ                  
000010fa  CALDCO_12MHZ                  
000010fb  CALBC1_12MHZ                  
000010fc  CALDCO_8MHZ                   
000010fd  CALBC1_8MHZ                   
000010fe  CALDCO_1MHZ                   
000010ff  CALBC1_1MHZ                   
0000c000  __mspabi_addd                 
0000c736  __mspabi_mpyd                 
0000c9f6  __TI_frcmpyd                  
0000cb68  __mspabi_mpyll                
0000cb68  __mspabi_mpyll_sw             
0000cc7c  lcd_init                      
0000cd3e  count_timer_2                 
0000cdfe  tone_generator                
0000ce9e  print_num                     
0000cf2c  PBs_handler                   
0000cfb8  __mspabi_fltuld               
0000d042  freq_measure                  
0000d0cc  GPIOconfig                    
0000d14e  __TI_decompress_lzss          
0000d1ca  __mspabi_fixdul               
0000d23e  write_freq_tmp_LCD            
0000d2ac  PBs_handler_P2                
0000d316  main                          
0000d376  rotate_b                      
0000d3d4  __mspabi_srll_15              
0000d3da  __mspabi_srll_14              
0000d3e0  __mspabi_srll_13              
0000d3e6  __mspabi_srll_12              
0000d3ec  __mspabi_srll_11              
0000d3f2  __mspabi_srll_10              
0000d3f8  __mspabi_srll_9               
0000d3fe  __mspabi_srll_8               
0000d404  __mspabi_srll_7               
0000d40a  __mspabi_srll_6               
0000d410  __mspabi_srll_5               
0000d416  __mspabi_srll_4               
0000d41c  __mspabi_srll_3               
0000d422  __mspabi_srll_2               
0000d428  __mspabi_srll_1               
0000d430  __mspabi_divul                
0000d430  __mspabi_remul                
0000d488  lcd_data                      
0000d4d8  __mspabi_srli                 
0000d4e6  __mspabi_srli_15              
0000d4ea  __mspabi_srli_14              
0000d4ee  __mspabi_srli_13              
0000d4f2  __mspabi_srli_12              
0000d4f6  __mspabi_srli_11              
0000d4fa  __mspabi_srli_10              
0000d4fe  __mspabi_srli_9               
0000d502  __mspabi_srli_8               
0000d506  __mspabi_srli_7               
0000d50a  __mspabi_srli_6               
0000d50e  __mspabi_srli_5               
0000d512  __mspabi_srli_4               
0000d516  __mspabi_srli_3               
0000d51a  __mspabi_srli_2               
0000d51e  __mspabi_srli_1               
0000d524  __mspabi_srall                
0000d56e  TIMER1_A1_ISR                 
0000d5b4  __mspabi_srlll                
0000d5fa  __mspabi_sllll                
0000d63e  __TI_auto_init_nobinit_nopinit
0000d680  __mspabi_divli                
0000d680  __mspabi_remli                
0000d6c0  __mspabi_slll_15              
0000d6c4  __mspabi_slll_14              
0000d6c8  __mspabi_slll_13              
0000d6cc  __mspabi_slll_12              
0000d6d0  __mspabi_slll_11              
0000d6d4  __mspabi_slll_10              
0000d6d8  __mspabi_slll_9               
0000d6dc  __mspabi_slll_8               
0000d6e0  __mspabi_slll_7               
0000d6e4  __mspabi_slll_6               
0000d6e8  __mspabi_slll_5               
0000d6ec  __mspabi_slll_4               
0000d6f0  __mspabi_slll_3               
0000d6f4  __mspabi_slll_2               
0000d6f8  __mspabi_slll_1               
0000d6fe  lcd_cmd                       
0000d736  enterLPM                      
0000d76a  test_lcd                      
0000d76a  test_lcd_drivers              
0000d79c  print_b                       
0000d7c8  __mspabi_srai                 
0000d7d4  __mspabi_srai_15              
0000d7d6  __mspabi_srai_14              
0000d7d8  __mspabi_srai_13              
0000d7da  __mspabi_srai_12              
0000d7dc  __mspabi_srai_11              
0000d7de  __mspabi_srai_10              
0000d7e0  __mspabi_srai_9               
0000d7e2  __mspabi_srai_8               
0000d7e4  __mspabi_srai_7               
0000d7e6  __mspabi_srai_6               
0000d7e8  __mspabi_srai_5               
0000d7ea  __mspabi_srai_4               
0000d7ec  __mspabi_srai_3               
0000d7ee  __mspabi_srai_2               
0000d7f0  __mspabi_srai_1               
0000d7f4  __mspabi_divi                 
0000d7f4  __mspabi_remi                 
0000d820  __mspabi_slli                 
0000d82c  __mspabi_slli_15              
0000d82e  __mspabi_slli_14              
0000d830  __mspabi_slli_13              
0000d832  __mspabi_slli_12              
0000d834  __mspabi_slli_11              
0000d836  __mspabi_slli_10              
0000d838  __mspabi_slli_9               
0000d83a  __mspabi_slli_8               
0000d83c  __mspabi_slli_7               
0000d83e  __mspabi_slli_6               
0000d840  __mspabi_slli_5               
0000d842  __mspabi_slli_4               
0000d844  __mspabi_slli_3               
0000d846  __mspabi_slli_2               
0000d848  __mspabi_slli_1               
0000d84c  __mspabi_mpyl                 
0000d84c  __mspabi_mpyl_sw              
0000d872  __mspabi_mpyul                
0000d872  __mspabi_mpyul_sw             
0000d894  __mspabi_mpyull               
0000d894  __mspabi_mpyull_sw            
0000d8b2  _c_int00_noargs               
0000d8ce  delay                         
0000d8e8  TIMER0_A0_config              
0000d900  __mspabi_divu                 
0000d900  __mspabi_remu                 
0000d916  sysConfig                     
0000d92c  DelayMs                       
0000d940  __TI_zero_init_nomemset       
0000d954  ADCconfig                     
0000d966  __mspabi_fixdu                
0000d978  __TI_decompress_none          
0000d98a  __mspabi_srll                 
0000d99c  lcd_puts                      
0000d9ae  memcpy                        
0000d9c0  __mspabi_func_epilog_7        
0000d9c2  __mspabi_func_epilog_6        
0000d9c4  __mspabi_func_epilog_5        
0000d9c6  __mspabi_func_epilog_4        
0000d9c8  __mspabi_func_epilog_3        
0000d9ca  __mspabi_func_epilog_2        
0000d9cc  __mspabi_func_epilog_1        
0000d9d0  startTimerA0                  
0000d9e0  lcd_strobe                    
0000d9ee  DelayUs                       
0000d9fa  Timer_A                       
0000da06  ADC10_ISR                     
0000da0e  TIMER1_A1_config              
0000da16  TIMER1_A2_config              
0000da1e  __TI_ISR_TRAP                 
0000da26  is_sw_up                      
0000da2e  __mspabi_fltud                
0000da34  C$$EXIT                       
0000da34  abort                         
0000da3a  _system_pre_init              
0000da3e  disable_interrupts            
0000da42  enable_interrupts             
0000da46  _system_post_cinit            
0000da84  __TI_Handler_Table_Base       
0000da8a  __TI_Handler_Table_Limit      
0000da8e  __TI_CINIT_Base               
0000da96  __TI_CINIT_Limit              
0000da96  __TI_CINIT_Warm               
0000ffe0  __TI_int00                    
0000ffe4  __TI_int02                    
0000ffe6  __TI_int03                    
0000ffea  __TI_int05                    
0000ffec  __TI_int06                    
0000ffee  __TI_int07                    
0000fff0  __TI_int08                    
0000fff2  __TI_int09                    
0000fff4  __TI_int10                    
0000fff6  __TI_int11                    
0000fff8  __TI_int12                    
0000fffa  __TI_int13                    
0000fffc  __TI_int14                    
0000fffe  _reset_vector                 
ffffffff  __TI_pprof_out_hndl           
ffffffff  __TI_prof_data_size           
ffffffff  __TI_prof_data_start          
ffffffff  __c_args__                    

[286 symbols]
